
> melodex-frontend@1.0.0 build
> tsc && vite build

src/components/shared/AdModal.tsx(96,43): error TS2339: Property 'env' does not exist on type 'ImportMeta'.
src/components/shared/AdModal.tsx(97,41): error TS2339: Property 'env' does not exist on type 'ImportMeta'.
src/lib/api.ts(3,29): error TS2339: Property 'env' does not exist on type 'ImportMeta'.
src/lib/supabase.ts(3,33): error TS2339: Property 'env' does not exist on type 'ImportMeta'.
src/lib/supabase.ts(4,37): error TS2339: Property 'env' does not exist on type 'ImportMeta'.
